[16:57:18] [ServerMain/INFO]: Environment: Environment[sessionHost=https://sessionserver.mojang.com, servicesHost=https://api.minecraftservices.com, name=PROD]
[16:57:20] [ServerMain/INFO]: Loaded 1174 recipes
[16:57:20] [ServerMain/INFO]: Loaded 1271 advancements
[16:57:20] [Server thread/INFO]: Starting minecraft server version 1.20.4
[16:57:20] [Server thread/INFO]: Loading properties
[16:57:20] [Server thread/INFO]: This server is running Paper version git-Paper-493 (MC: 1.20.4) (Implementing API version 1.20.4-R0.1-SNAPSHOT) (Git: a6b6ecd)
[16:57:21] [Server thread/INFO]: Server Ping Player Sample Count: 12
[16:57:21] [Server thread/INFO]: Using 4 threads for Netty based IO
[16:57:21] [Server thread/WARN]: [!] The timings profiler has been enabled but has been scheduled for removal from Paper in the future.
    We recommend installing the spark profiler as a replacement: https://spark.lucko.me/
    For more information please visit: https://github.com/PaperMC/Paper/issues/8948
[16:57:21] [Server thread/INFO]: [ChunkTaskScheduler] Chunk system is using 1 I/O threads, 1 worker threads, and gen parallelism of 1 threads
[16:57:21] [Server thread/INFO]: Default game type: ADVENTURE
[16:57:21] [Server thread/INFO]: Generating keypair
[16:57:21] [Server thread/INFO]: Starting Minecraft server on *:25565
[16:57:22] [Server thread/INFO]: Using epoll channel type
[16:57:22] [Server thread/INFO]: Paper: Using libdeflate (Linux aarch64) compression from Velocity.
[16:57:22] [Server thread/INFO]: Paper: Using OpenSSL 1.1.x (Linux aarch64) cipher from Velocity.
[16:57:22] [Server thread/INFO]: [WorldEdit] Loading server plugin WorldEdit v7.3.1+6763-2e55f4f
[16:57:23] [Server thread/INFO]: Got request to register class com.sk89q.worldedit.bukkit.BukkitServerInterface with WorldEdit [com.sk89q.worldedit.extension.platform.PlatformManager@2ee2c16c]
[16:57:23] [Server thread/INFO]: [VoidGen] Loading server plugin VoidGen v2.2.1
[16:57:23] [Server thread/INFO]: [WorldGuard] Loading server plugin WorldGuard v7.0.9+5934e49
[16:57:23] [Server thread/INFO]: [Multiverse-Core] Loading server plugin Multiverse-Core v4.3.12
[16:57:23] [Server thread/INFO]: [ViaVersion] Loading server plugin ViaVersion v4.10.2
[16:57:23] [Server thread/INFO]: [ViaVersion] ViaVersion 4.10.2 is now loaded. Registering protocol transformers and injecting...
[16:57:23] [Via-Mappingloader-0/INFO]: [ViaVersion] Loading block connection mappings ...
[16:57:23] [Via-Mappingloader-0/INFO]: [ViaVersion] Using FastUtil Long2ObjectOpenHashMap for block connections
[16:57:23] [Server thread/INFO]: [floodgate] Loading server plugin floodgate v2.2.3-SNAPSHOT (b102-4404c15)
[16:57:24] [Server thread/INFO]: [floodgate] Took 495ms to boot Floodgate
[16:57:24] [Server thread/INFO]: [Citizens] Loading server plugin Citizens v2.0.34-SNAPSHOT (build 3416)
[16:57:24] [Server thread/INFO]: [Multiverse-Portals] Loading server plugin Multiverse-Portals v4.2.3
[16:57:24] [Server thread/INFO]: [LuckPerms] Loading server plugin LuckPerms v5.4.119
[16:57:24] [Server thread/INFO]: [Geyser-Spigot] Loading server plugin Geyser-Spigot v2.3.0-SNAPSHOT
[16:57:25] [Server thread/INFO]: [Geyser-Spigot] Loading extensions...
[16:57:25] [Server thread/INFO]: [Geyser-Spigot] Loaded 0 extension(s)
[16:57:25] [Server thread/INFO]: [BuildBattle] Loading server plugin BuildBattle v5.0.5
[16:57:25] [Server thread/INFO]: [BedWars] Loading server plugin BedWars v0.2.31
[16:57:25] [Server thread/INFO]: [Multiverse-SignPortals] Loading server plugin Multiverse-SignPortals v4.2.2
[16:57:25] [Server thread/INFO]: [Multiverse-NetherPortals] Loading server plugin Multiverse-NetherPortals v4.2.3
[16:57:25] [Server thread/INFO]: [Multiverse-Inventories] Loading server plugin Multiverse-Inventories v4.2.6
[16:57:25] [Server thread/INFO]: [CodFrame] Loading server plugin CodFrame v1.0.2
[16:57:25] [Server thread/INFO]: [dynmap] Loading server plugin dynmap v3.7-beta-4-935
[16:57:25] [Server thread/INFO]: [dynmap] version=git-Paper-493 (MC: 1.20.4)
[16:57:25] [Server thread/INFO]: [dynmap] Mod Support API available
[16:57:25] [Server thread/INFO]: [WESV] Loading server plugin WorldEditSelectionVisualizer v2.1.5
[16:57:25] [Server thread/INFO]: Server permissions file permissions.yml is empty, ignoring it
[16:57:25] [Server thread/INFO]: [WorldEdit] Enabling WorldEdit v7.3.1+6763-2e55f4f
[16:57:25] [Server thread/INFO]: Registering commands with com.sk89q.worldedit.bukkit.BukkitServerInterface
[16:57:25] [Server thread/INFO]: WEPIF: Using the Bukkit Permissions API.
[16:57:25] [Server thread/INFO]: Using com.sk89q.worldedit.bukkit.adapter.impl.v1_20_R3.PaperweightAdapter as the Bukkit adapter
[16:57:26] [Server thread/INFO]: [VoidGen] Enabling VoidGen v2.2.1
[16:57:26] [Server thread/INFO]: [VoidGen] Using VoidChunkGen: VERSION_UNKNOWN
[16:57:26] [Server thread/INFO]: [LuckPerms] Enabling LuckPerms v5.4.119
[16:57:26] [Server thread/INFO]:         __    
[16:57:26] [Server thread/INFO]:   |    |__)   LuckPerms v5.4.119
[16:57:26] [Server thread/INFO]:   |___ |      Running on Bukkit - Paper
[16:57:26] [Server thread/INFO]: 
[16:57:26] [Server thread/INFO]: [LuckPerms] Loading configuration...
[16:57:27] [Server thread/INFO]: [LuckPerms] Loading storage provider... [H2]
[16:57:27] [Server thread/INFO]: [LuckPerms] Loading internal permission managers...
[16:57:27] [Server thread/INFO]: [LuckPerms] Performing initial data load...
[16:57:27] [Server thread/INFO]: [LuckPerms] Successfully enabled. (took 1367ms)
[16:57:27] [Server thread/INFO]: Preparing level "void"
[16:57:28] [Server thread/INFO]: Preparing start region for dimension minecraft:overworld
[16:57:28] [Server thread/INFO]: Time elapsed: 187 ms
[16:57:28] [Server thread/INFO]: Preparing start region for dimension minecraft:the_nether
[16:57:29] [Server thread/INFO]: Time elapsed: 162 ms
[16:57:29] [Server thread/INFO]: Preparing start region for dimension minecraft:the_end
[16:57:29] [Server thread/INFO]: Time elapsed: 56 ms
[16:57:29] [Server thread/INFO]: [WorldGuard] Enabling WorldGuard v7.0.9+5934e49
[16:57:29] [Server thread/INFO]: [WorldGuard] (void) TNT ignition is PERMITTED.
[16:57:29] [Server thread/INFO]: [WorldGuard] (void) Lighters are PERMITTED.
[16:57:29] [Server thread/INFO]: [WorldGuard] (void) Lava fire is PERMITTED.
[16:57:29] [Server thread/INFO]: [WorldGuard] (void) Fire spread is UNRESTRICTED.
[16:57:29] [Server thread/INFO]: [WorldGuard] Loaded configuration for world 'void'
[16:57:29] [Server thread/INFO]: [WorldGuard] (void_nether) TNT ignition is PERMITTED.
[16:57:29] [Server thread/INFO]: [WorldGuard] (void_nether) Lighters are PERMITTED.
[16:57:29] [Server thread/INFO]: [WorldGuard] (void_nether) Lava fire is PERMITTED.
[16:57:29] [Server thread/INFO]: [WorldGuard] (void_nether) Fire spread is UNRESTRICTED.
[16:57:29] [Server thread/INFO]: [WorldGuard] Loaded configuration for world 'void_nether'
[16:57:29] [Server thread/INFO]: [WorldGuard] (void_the_end) TNT ignition is PERMITTED.
[16:57:29] [Server thread/INFO]: [WorldGuard] (void_the_end) Lighters are PERMITTED.
[16:57:29] [Server thread/INFO]: [WorldGuard] (void_the_end) Lava fire is PERMITTED.
[16:57:29] [Server thread/INFO]: [WorldGuard] (void_the_end) Fire spread is UNRESTRICTED.
[16:57:29] [Server thread/INFO]: [WorldGuard] Loaded configuration for world 'void_the_end'
[16:57:29] [Server thread/INFO]: [WorldGuard] Loading region data...
[16:57:29] [Server thread/INFO]: [Multiverse-Core] Enabling Multiverse-Core v4.3.12
[16:57:29] [Server thread/WARN]: [Multiverse-Core] "Multiverse-Core v4.3.12" has registered a listener for org.bukkit.event.entity.EntityCreatePortalEvent on method "public void com.onarandombox.MultiverseCore.listeners.MVPortalListener.entityPortalCreate(org.bukkit.event.entity.EntityCreatePortalEvent)", but the event is Deprecated. "Server performance will be affected"; please notify the authors [dumptruckman, Rigby, fernferret, lithium3141, main--].
[16:57:29] [Server thread/INFO]: [Multiverse-Core] §aWe are aware of the warning about the deprecated event. There is no alternative that allows us to do what we need to do and performance impact is negligible. It is safe to ignore.
[16:57:30] [Server thread/INFO]: Preparing start region for dimension minecraft:world
[16:57:31] [Server thread/INFO]: Time elapsed: 1367 ms
[16:57:31] [Server thread/INFO]: [WorldGuard] (world) TNT ignition is PERMITTED.
[16:57:31] [Server thread/INFO]: [WorldGuard] (world) Lighters are PERMITTED.
[16:57:31] [Server thread/INFO]: [WorldGuard] (world) Lava fire is PERMITTED.
[16:57:31] [Server thread/INFO]: [WorldGuard] (world) Fire spread is UNRESTRICTED.
[16:57:31] [Server thread/INFO]: [WorldGuard] Loaded configuration for world 'world'
[16:57:31] [Server thread/INFO]: Preparing start region for dimension minecraft:world_the_end
[16:57:31] [Server thread/INFO]: Time elapsed: 50 ms
[16:57:31] [Server thread/INFO]: [WorldGuard] (world_the_end) TNT ignition is PERMITTED.
[16:57:31] [Server thread/INFO]: [WorldGuard] (world_the_end) Lighters are PERMITTED.
[16:57:31] [Server thread/INFO]: [WorldGuard] (world_the_end) Lava fire is PERMITTED.
[16:57:31] [Server thread/INFO]: [WorldGuard] (world_the_end) Fire spread is UNRESTRICTED.
[16:57:31] [Server thread/INFO]: [WorldGuard] Loaded configuration for world 'world_the_end'
[16:57:31] [Server thread/INFO]: [VoidGen] Generator settings "biome:desert" syntax is not valid. Using default values:
[16:57:31] [Server thread/INFO]: [VoidGen] {"caves":false,"decoration":false,"mobs":false,"structures":false,"noise":false,"surface":false,"bedrock":false}
[16:57:32] [Server thread/INFO]: Preparing start region for dimension minecraft:world_nether
[16:57:32] [Server thread/INFO]: Time elapsed: 36 ms
[16:57:32] [Server thread/INFO]: [WorldGuard] (world_nether) TNT ignition is PERMITTED.
[16:57:32] [Server thread/INFO]: [WorldGuard] (world_nether) Lighters are PERMITTED.
[16:57:32] [Server thread/INFO]: [WorldGuard] (world_nether) Lava fire is PERMITTED.
[16:57:32] [Server thread/INFO]: [WorldGuard] (world_nether) Fire spread is UNRESTRICTED.
[16:57:32] [Server thread/INFO]: [WorldGuard] Loaded configuration for world 'world_nether'
[16:57:32] [Server thread/INFO]: Preparing start region for dimension minecraft:bb-candyland
[16:57:32] [Server thread/INFO]: Time elapsed: 41 ms
[16:57:32] [Server thread/INFO]: [WorldGuard] (BB-Candyland) TNT ignition is PERMITTED.
[16:57:32] [Server thread/INFO]: [WorldGuard] (BB-Candyland) Lighters are PERMITTED.
[16:57:32] [Server thread/INFO]: [WorldGuard] (BB-Candyland) Lava fire is PERMITTED.
[16:57:32] [Server thread/INFO]: [WorldGuard] (BB-Candyland) Fire spread is UNRESTRICTED.
[16:57:32] [Server thread/INFO]: [WorldGuard] Loaded configuration for world 'BB-Candyland'
[16:57:32] [Server thread/INFO]: [VoidGen] Generator settings have not been set. Using default values:
[16:57:32] [Server thread/INFO]: [VoidGen] {"caves":false,"decoration":false,"mobs":false,"structures":false,"noise":false,"surface":false,"bedrock":false}
[16:57:32] [Server thread/INFO]: Preparing start region for dimension minecraft:bedwars
[16:57:32] [Server thread/INFO]: Time elapsed: 291 ms
[16:57:32] [Server thread/INFO]: [WorldGuard] (bedwars) TNT ignition is PERMITTED.
[16:57:32] [Server thread/INFO]: [WorldGuard] (bedwars) Lighters are PERMITTED.
[16:57:32] [Server thread/INFO]: [WorldGuard] (bedwars) Lava fire is PERMITTED.
[16:57:32] [Server thread/INFO]: [WorldGuard] (bedwars) Fire spread is UNRESTRICTED.
[16:57:32] [Server thread/INFO]: [WorldGuard] Loaded configuration for world 'bedwars'
[16:57:32] [Server thread/INFO]: [VoidGen] Generator settings have not been set. Using default values:
[16:57:32] [Server thread/INFO]: [VoidGen] {"caves":false,"decoration":false,"mobs":false,"structures":false,"noise":false,"surface":false,"bedrock":false}
[16:57:32] [Server thread/INFO]: Preparing start region for dimension minecraft:creative
[16:57:32] [Server thread/INFO]: Time elapsed: 48 ms
[16:57:32] [Server thread/INFO]: [WorldGuard] (creative) TNT ignition is PERMITTED.
[16:57:32] [Server thread/INFO]: [WorldGuard] (creative) Lighters are PERMITTED.
[16:57:32] [Server thread/INFO]: [WorldGuard] (creative) Lava fire is PERMITTED.
[16:57:32] [Server thread/INFO]: [WorldGuard] (creative) Fire spread is UNRESTRICTED.
[16:57:32] [Server thread/INFO]: [WorldGuard] Loaded configuration for world 'creative'
[16:57:32] [Server thread/WARN]: [Multiverse-Core] Buscript failed to load! The script command will be disabled! If you would like not to see this message, use `/mv conf enablebuscript false` to disable Buscript from loading.
[16:57:32] [Server thread/INFO]: [ViaVersion] Enabling ViaVersion v4.10.2
[16:57:32] [Server thread/INFO]: [ViaVersion] ViaVersion detected server version: 1.20.3-1.20.4 (765)
[16:57:32] [Server thread/INFO]: [floodgate] Enabling floodgate v2.2.3-SNAPSHOT (b102-4404c15)
[16:57:33] [Server thread/INFO]: [Citizens] Enabling Citizens v2.0.34-SNAPSHOT (build 3416)
[16:57:33] [Server thread/INFO]: [Citizens] Loading external libraries
[16:57:34] [Server thread/ERROR]: [Citizens] v2.0.34-SNAPSHOT (build 3416) is not compatible with Minecraft v1_20_R3 - try upgrading Minecraft or Citizens. Disabling...
[16:57:34] [Server thread/INFO]: [Citizens] Disabling Citizens v2.0.34-SNAPSHOT (build 3416)
[16:57:34] [Server thread/INFO]: [Multiverse-Portals] Enabling Multiverse-Portals v4.2.3
[16:57:34] [Server thread/INFO]: [Multiverse-Portals] 0 - Portals(s) loaded
[16:57:34] [Server thread/INFO]: [Multiverse-Portals] Found WorldEdit. Using it for selections.
[16:57:34] [Server thread/INFO]: [Multiverse-Portals 4.2.3]  Enabled - By Rigby and fernferret
[16:57:34] [Server thread/INFO]: [Geyser-Spigot] Enabling Geyser-Spigot v2.3.0-SNAPSHOT
[16:57:34] [Server thread/INFO]: [BuildBattle] Enabling BuildBattle v5.0.5
[16:57:34] [Server thread/INFO]: [BuildBattle] Connecting to services, please wait! Server may freeze a bit!
[16:57:34] [Server thread/INFO]: [BuildBattle] Hooked with ServiceRegistry! Initialized services properly!
[16:57:34] [Server thread/WARN]: [BuildBattle] [Debug] Fetched latest localization file from repository.
[16:57:34] [Server thread/WARN]: [BuildBattle] [Debug] [System notify] The language  file is outdated! Updating...
[16:57:34] [Server thread/WARN]: [BuildBattle] [Debug] [System notify] language updated, no comments were removed :)
[16:57:34] [Server thread/WARN]: [BuildBattle] [Debug] [System notify] You're using latest language file now! Nice!
[16:57:34] [Server thread/INFO]: [BuildBattle] File powerups.yml does not exist!
[16:57:34] [Server thread/WARN]: org.bukkit.configuration.InvalidConfigurationException: while parsing a block mapping
[16:57:34] [Server thread/WARN]:  in 'reader', line 32, column 3:
[16:57:34] [Server thread/WARN]:       Statistics:
[16:57:34] [Server thread/WARN]:       ^
[16:57:34] [Server thread/WARN]: expected <block end>, but found '<block mapping start>'
[16:57:34] [Server thread/WARN]:  in 'reader', line 42, column 7:
[16:57:34] [Server thread/WARN]:           Header-Other: ERR_MSG_Leaderboar ... 
[16:57:34] [Server thread/WARN]:           ^
[16:57:34] [Server thread/WARN]: 
[16:57:34] [Server thread/WARN]: 	at org.bukkit.configuration.file.YamlConfiguration.loadFromString(YamlConfiguration.java:111)
[16:57:34] [Server thread/WARN]: 	at org.bukkit.configuration.file.FileConfiguration.load(FileConfiguration.java:160)
[16:57:34] [Server thread/WARN]: 	at org.bukkit.configuration.file.FileConfiguration.load(FileConfiguration.java:128)
[16:57:34] [Server thread/WARN]: 	at buildbattle-5.0.5.jar//plugily.projects.buildbattle.minigamesbox.classic.utils.configuration.ConfigUtils.getConfig(ConfigUtils.java:70)
[16:57:34] [Server thread/WARN]: 	at buildbattle-5.0.5.jar//plugily.projects.buildbattle.minigamesbox.classic.utils.configuration.ConfigUtils.getConfig(ConfigUtils.java:45)
[16:57:34] [Server thread/WARN]: 	at buildbattle-5.0.5.jar//plugily.projects.buildbattle.minigamesbox.classic.handlers.language.LanguageManager.<init>(LanguageManager.java:69)
[16:57:34] [Server thread/WARN]: 	at buildbattle-5.0.5.jar//plugily.projects.buildbattle.minigamesbox.classic.PluginMain.initializeDefaultClasses(PluginMain.java:224)
[16:57:34] [Server thread/WARN]: 	at buildbattle-5.0.5.jar//plugily.projects.buildbattle.minigamesbox.classic.PluginMain.onEnable(PluginMain.java:212)
[16:57:34] [Server thread/WARN]: 	at buildbattle-5.0.5.jar//plugily.projects.buildbattle.Main.onEnable(Main.java:78)
[16:57:34] [Server thread/WARN]: 	at org.bukkit.plugin.java.JavaPlugin.setEnabled(JavaPlugin.java:287)
[16:57:34] [Server thread/WARN]: 	at io.papermc.paper.plugin.manager.PaperPluginInstanceManager.enablePlugin(PaperPluginInstanceManager.java:188)
[16:57:34] [Server thread/WARN]: 	at io.papermc.paper.plugin.manager.PaperPluginManagerImpl.enablePlugin(PaperPluginManagerImpl.java:104)
[16:57:34] [Server thread/WARN]: 	at org.bukkit.plugin.SimplePluginManager.enablePlugin(SimplePluginManager.java:507)
[16:57:34] [Server thread/WARN]: 	at org.bukkit.craftbukkit.v1_20_R3.CraftServer.enablePlugin(CraftServer.java:639)
[16:57:34] [Server thread/WARN]: 	at org.bukkit.craftbukkit.v1_20_R3.CraftServer.enablePlugins(CraftServer.java:550)
[16:57:34] [Server thread/WARN]: 	at net.minecraft.server.MinecraftServer.loadWorld0(MinecraftServer.java:671)
[16:57:34] [Server thread/WARN]: 	at net.minecraft.server.MinecraftServer.loadLevel(MinecraftServer.java:431)
[16:57:34] [Server thread/WARN]: 	at net.minecraft.server.dedicated.DedicatedServer.e(DedicatedServer.java:309)
[16:57:34] [Server thread/WARN]: 	at net.minecraft.server.MinecraftServer.w(MinecraftServer.java:1131)
[16:57:34] [Server thread/WARN]: 	at net.minecraft.server.MinecraftServer.lambda$spin$0(MinecraftServer.java:319)
[16:57:34] [Server thread/WARN]: 	at java.base/java.lang.Thread.run(Thread.java:1583)
[16:57:34] [Server thread/WARN]: Caused by: while parsing a block mapping
[16:57:34] [Server thread/WARN]:  in 'reader', line 32, column 3:
[16:57:34] [Server thread/WARN]:       Statistics:
[16:57:34] [Server thread/WARN]:       ^
[16:57:34] [Server thread/WARN]: expected <block end>, but found '<block mapping start>'
[16:57:34] [Server thread/WARN]:  in 'reader', line 42, column 7:
[16:57:34] [Server thread/WARN]:           Header-Other: ERR_MSG_Leaderboar ... 
[16:57:34] [Server thread/WARN]:           ^
[16:57:34] [Server thread/WARN]: 
[16:57:34] [Server thread/WARN]: 	at org.yaml.snakeyaml.parser.ParserImpl$ParseBlockMappingKey.produce(ParserImpl.java:654)
[16:57:34] [Server thread/WARN]: 	at org.yaml.snakeyaml.parser.ParserImpl.peekEvent(ParserImpl.java:161)
[16:57:34] [Server thread/WARN]: 	at org.yaml.snakeyaml.comments.CommentEventsCollector$1.peek(CommentEventsCollector.java:57)
[16:57:34] [Server thread/WARN]: 	at org.yaml.snakeyaml.comments.CommentEventsCollector$1.peek(CommentEventsCollector.java:43)
[16:57:34] [Server thread/WARN]: 	at org.yaml.snakeyaml.comments.CommentEventsCollector.collectEvents(CommentEventsCollector.java:136)
[16:57:34] [Server thread/WARN]: 	at org.yaml.snakeyaml.comments.CommentEventsCollector.collectEvents(CommentEventsCollector.java:116)
[16:57:34] [Server thread/WARN]: 	at org.yaml.snakeyaml.composer.Composer.composeScalarNode(Composer.java:241)
[16:57:34] [Server thread/WARN]: 	at org.yaml.snakeyaml.composer.Composer.composeNode(Composer.java:205)
[16:57:34] [Server thread/WARN]: 	at org.yaml.snakeyaml.composer.Composer.composeValueNode(Composer.java:369)
[16:57:34] [Server thread/WARN]: 	at org.yaml.snakeyaml.composer.Composer.composeMappingChildren(Composer.java:348)
[16:57:34] [Server thread/WARN]: 	at org.yaml.snakeyaml.composer.Composer.composeMappingNode(Composer.java:323)
[16:57:34] [Server thread/WARN]: 	at org.yaml.snakeyaml.composer.Composer.composeNode(Composer.java:209)
[16:57:34] [Server thread/WARN]: 	at org.yaml.snakeyaml.composer.Composer.composeValueNode(Composer.java:369)
[16:57:34] [Server thread/WARN]: 	at org.yaml.snakeyaml.composer.Composer.composeMappingChildren(Composer.java:348)
[16:57:34] [Server thread/WARN]: 	at org.yaml.snakeyaml.composer.Composer.composeMappingNode(Composer.java:323)
[16:57:34] [Server thread/WARN]: 	at org.yaml.snakeyaml.composer.Composer.composeNode(Composer.java:209)
[16:57:34] [Server thread/WARN]: 	at org.yaml.snakeyaml.composer.Composer.getNode(Composer.java:131)
[16:57:34] [Server thread/WARN]: 	at org.yaml.snakeyaml.composer.Composer.getSingleNode(Composer.java:157)
[16:57:34] [Server thread/WARN]: 	at org.yaml.snakeyaml.Yaml.compose(Yaml.java:575)
[16:57:34] [Server thread/WARN]: 	at org.bukkit.configuration.file.YamlConfiguration.loadFromString(YamlConfiguration.java:104)
[16:57:34] [Server thread/WARN]: 	... 20 more
[16:57:34] [Server thread/INFO]: Cannot load file language.yml!
[16:57:34] [Server thread/INFO]: Create blank file language.yml or restart the server!
[16:57:34] [Server thread/WARN]: [BuildBattle] [Debug] §cPlugin locale is invalid! Using default one...
[16:57:34] [Server thread/WARN]: [BuildBattle] [Debug] §aLoaded locale Default (Default ID: default) by Internal Plugin
[16:57:34] [Server thread/WARN]: [BuildBattle] [Debug] §cLanguage file integrity check failed! Message Commands.No-Arena-Like-That not found! It will be set to default value of ERR_MSG_Commands.No-Arena-Like-That_NOT_FOUND
[16:57:34] [Server thread/WARN]: [BuildBattle] [Debug] §cLanguage file integrity check failed! Message Commands.No-Free-Arenas not found! It will be set to default value of ERR_MSG_Commands.No-Free-Arenas_NOT_FOUND
[16:57:34] [Server thread/WARN]: [BuildBattle] [Debug] §cLanguage file integrity check failed! Message Leaderboard.Statistics.Loses not found! It will be set to default value of ERR_MSG_Leaderboard.Statistics.Loses_NOT_FOUND
[16:57:34] [Server thread/WARN]: [BuildBattle] [Debug] §cLanguage file integrity check failed! Message Commands.Only-By-Player not found! It will be set to default value of ERR_MSG_Commands.Only-By-Player_NOT_FOUND
[16:57:34] [Server thread/WARN]: [BuildBattle] [Debug] §cLanguage file integrity check failed! Message In-Game.Spectator.Menu.Settings.Auto-Teleport not found! It will be set to default value of ERR_MSG_In-Game.Spectator.Menu.Settings.Auto-Teleport_NOT_FOUND
[16:57:34] [Server thread/WARN]: [BuildBattle] [Debug] §cLanguage file integrity check failed! Message In-Game.Messages.Lobby.Start-In not found! It will be set to default value of ERR_MSG_In-Game.Messages.Lobby.Start-In_NOT_FOUND
[16:57:34] [Server thread/WARN]: [BuildBattle] [Debug] §cLanguage file integrity check failed! Message In-Game.Messages.Lobby.Reduced-Time not found! It will be set to default value of ERR_MSG_In-Game.Messages.Lobby.Reduced-Time_NOT_FOUND
[16:57:34] [Server thread/WARN]: [BuildBattle] [Debug] §cLanguage file integrity check failed! Message Color.Chat.Special-Char.Contains not found! It will be set to default value of ERR_MSG_Color.Chat.Special-Char.Contains_NOT_FOUND
[16:57:34] [Server thread/WARN]: [BuildBattle] [Debug] §cLanguage file integrity check failed! Message Commands.Removed-Game-Instance not found! It will be set to default value of ERR_MSG_Commands.Removed-Game-Instance_NOT_FOUND
[16:57:34] [Server thread/WARN]: [BuildBattle] [Debug] §cLanguage file integrity check failed! Message In-Game.Messages.Lobby.Waiting-For-Players not found! It will be set to default value of ERR_MSG_In-Game.Messages.Lobby.Waiting-For-Players_NOT_FOUND
[16:57:34] [Server thread/WARN]: [BuildBattle] [Debug] §cLanguage file integrity check failed! Message In-Game.Join.Cancelled-Via-API not found! It will be set to default value of ERR_MSG_In-Game.Join.Cancelled-Via-API_NOT_FOUND
[16:57:34] [Server thread/WARN]: [BuildBattle] [Debug] §cLanguage file integrity check failed! Message Commands.Main.Description not found! It will be set to default value of ERR_MSG_Commands.Main.Description_NOT_FOUND
[16:57:34] [Server thread/WARN]: [BuildBattle] [Debug] §cLanguage file integrity check failed! Message In-Game.Spectator.Spectator-Warning not found! It will be set to default value of ERR_MSG_In-Game.Spectator.Spectator-Warning_NOT_FOUND
[16:57:34] [Server thread/WARN]: [BuildBattle] [Debug] §cLanguage file integrity check failed! Message In-Game.Spectator.Menu.Settings.First-Person-Mode.Action-Bar not found! It will be set to default value of ERR_MSG_In-Game.Spectator.Menu.Settings.First-Person-Mode.Action-Bar_NOT_FOUND
[16:57:34] [Server thread/WARN]: [BuildBattle] [Debug] §cLanguage file integrity check failed! Message Color.Placeholder.Player not found! It will be set to default value of ERR_MSG_Color.Placeholder.Player_NOT_FOUND
[16:57:34] [Server thread/WARN]: [BuildBattle] [Debug] §cLanguage file integrity check failed! Message Commands.Teleported-To-Lobby not found! It will be set to default value of ERR_MSG_Commands.Teleported-To-Lobby_NOT_FOUND
[16:57:34] [Server thread/WARN]: [BuildBattle] [Debug] §cLanguage file integrity check failed! Message In-Game.Plugin-Prefix not found! It will be set to default value of ERR_MSG_In-Game.Plugin-Prefix_NOT_FOUND
[16:57:34] [Server thread/WARN]: [BuildBattle] [Debug] §cLanguage file integrity check failed! Message Commands.Type-Arena-Name not found! It will be set to default value of ERR_MSG_Commands.Type-Arena-Name_NOT_FOUND
[16:57:34] [Server thread/WARN]: [BuildBattle] [Debug] §cLanguage file integrity check failed! Message Commands.Player-Not-Found not found! It will be set to default value of ERR_MSG_Commands.Player-Not-Found_NOT_FOUND
[16:57:34] [Server thread/WARN]: [BuildBattle] [Debug] §cLanguage file integrity check failed! Message Commands.Admin.Spychat.Toggled not found! It will be set to default value of ERR_MSG_Commands.Admin.Spychat.Toggled_NOT_FOUND
[16:57:34] [Server thread/WARN]: [BuildBattle] [Debug] §cLanguage file integrity check failed! Message Commands.Main.Admin-Bonus-Description not found! It will be set to default value of ERR_MSG_Commands.Main.Admin-Bonus-Description_NOT_FOUND
[16:57:34] [Server thread/WARN]: [BuildBattle] [Debug] §cLanguage file integrity check failed! Message In-Game.Messages.Join not found! It will be set to default value of ERR_MSG_In-Game.Messages.Join_NOT_FOUND
[16:57:34] [Server thread/WARN]: [BuildBattle] [Debug] §cLanguage file integrity check failed! Message Placeholders.Game-States.Full-Game not found! It will be set to default value of ERR_MSG_Placeholders.Game-States.Full-Game_NOT_FOUND
[16:57:34] [Server thread/WARN]: [BuildBattle] [Debug] §cLanguage file integrity check failed! Message Commands.Look-At-Sign not found! It will be set to default value of ERR_MSG_Commands.Look-At-Sign_NOT_FOUND
[16:57:34] [Server thread/WARN]: [BuildBattle] [Debug] §cLanguage file integrity check failed! Message Arena-Selector.Inventory-Title not found! It will be set to default value of ERR_MSG_Arena-Selector.Inventory-Title_NOT_FOUND
[16:57:34] [Server thread/WARN]: [BuildBattle] [Debug] §cLanguage file integrity check failed! Message Do-Not-Edit.Core-Version not found! It will be set to default value of ERR_MSG_Do-Not-Edit.Core-Version_NOT_FOUND
[16:57:34] [Server thread/WARN]: [BuildBattle] [Debug] §cLanguage file integrity check failed! Message Color.Chat.Special-Char.Before not found! It will be set to default value of ERR_MSG_Color.Chat.Special-Char.Before_NOT_FOUND
[16:57:34] [Server thread/WARN]: [BuildBattle] [Debug] §cLanguage file integrity check failed! Message Validator.No-Instances-Created not found! It will be set to default value of ERR_MSG_Validator.No-Instances-Created_NOT_FOUND
[16:57:34] [Server thread/WARN]: [BuildBattle] [Debug] §cLanguage file integrity check failed! Message Leaderboard.Statistics.Wins not found! It will be set to default value of ERR_MSG_Leaderboard.Statistics.Wins_NOT_FOUND
[16:57:34] [Server thread/WARN]: [BuildBattle] [Debug] §cLanguage file integrity check failed! Message Leaderboard.Type.Chat.Header-Other not found! It will be set to default value of ERR_MSG_Leaderboard.Type.Chat.Header-Other_NOT_FOUND
[16:57:34] [Server thread/WARN]: [BuildBattle] [Debug] §cLanguage file integrity check failed! Message Leaderboard.Type.Chat.Footer not found! It will be set to default value of ERR_MSG_Leaderboard.Type.Chat.Footer_NOT_FOUND
[16:57:34] [Server thread/WARN]: [BuildBattle] [Debug] §cLanguage file integrity check failed! Message In-Game.Join.Full-Game not found! It will be set to default value of ERR_MSG_In-Game.Join.Full-Game_NOT_FOUND
[16:57:34] [Server thread/WARN]: [BuildBattle] [Debug] §cLanguage file integrity check failed! Message In-Game.Join.Title not found! It will be set to default value of ERR_MSG_In-Game.Join.Title_NOT_FOUND
[16:57:34] [Server thread/WARN]: [BuildBattle] [Debug] §cLanguage file integrity check failed! Message Leaderboard.Statistics.Next-Level-Exp not found! It will be set to default value of ERR_MSG_Leaderboard.Statistics.Next-Level-Exp_NOT_FOUND
[16:57:34] [Server thread/WARN]: [BuildBattle] [Debug] §cLanguage file integrity check failed! Message Signs.Lines not found! It will be set to default value of ERR_MSG_Signs.Lines_NOT_FOUND
[16:57:34] [Server thread/WARN]: [BuildBattle] [Debug] §cLanguage file integrity check failed! Message In-Game.Spectator.You-Are-Spectator not found! It will be set to default value of ERR_MSG_In-Game.Spectator.You-Are-Spectator_NOT_FOUND
[16:57:34] [Server thread/WARN]: [BuildBattle] [Debug] §cLanguage file integrity check failed! Message In-Game.Messages.Lobby.Kicked-For-Premium-Slot not found! It will be set to default value of ERR_MSG_In-Game.Messages.Lobby.Kicked-For-Premium-Slot_NOT_FOUND
[16:57:34] [Server thread/WARN]: [BuildBattle] [Debug] §cLanguage file integrity check failed! Message Signs.Arena-Doesnt-Exists not found! It will be set to default value of ERR_MSG_Signs.Arena-Doesnt-Exists_NOT_FOUND
[16:57:34] [Server thread/WARN]: [BuildBattle] [Debug] §cLanguage file integrity check failed! Message Commands.No-Permission not found! It will be set to default value of ERR_MSG_Commands.No-Permission_NOT_FOUND
[16:57:34] [Server thread/WARN]: [BuildBattle] [Debug] §cLanguage file integrity check failed! Message In-Game.Messages.Game-End.Placeholders.Win not found! It will be set to default value of ERR_MSG_In-Game.Messages.Game-End.Placeholders.Win_NOT_FOUND
[16:57:34] [Server thread/WARN]: [BuildBattle] [Debug] §cLanguage file integrity check failed! Message Color.Placeholder.Other not found! It will be set to default value of ERR_MSG_Color.Placeholder.Other_NOT_FOUND
[16:57:34] [Server thread/WARN]: [BuildBattle] [Debug] §cLanguage file integrity check failed! Message In-Game.Spectator.Blocked not found! It will be set to default value of ERR_MSG_In-Game.Spectator.Blocked_NOT_FOUND
[16:57:34] [Server thread/WARN]: [BuildBattle] [Debug] §cLanguage file integrity check failed! Message Leaderboard.Invalid-Name not found! It will be set to default value of ERR_MSG_Leaderboard.Invalid-Name_NOT_FOUND
[16:57:34] [Server thread/WARN]: [BuildBattle] [Debug] §cLanguage file integrity check failed! Message In-Game.Messages.Game-End.Summary not found! It will be set to default value of ERR_MSG_In-Game.Messages.Game-End.Summary_NOT_FOUND
[16:57:34] [Server thread/WARN]: [BuildBattle] [Debug] §cLanguage file integrity check failed! Message Commands.Admin.List.Header not found! It will be set to default value of ERR_MSG_Commands.Admin.List.Header_NOT_FOUND
[16:57:34] [Server thread/WARN]: [BuildBattle] [Debug] §cLanguage file integrity check failed! Message In-Game.Death.Tag not found! It will be set to default value of ERR_MSG_In-Game.Death.Tag_NOT_FOUND
[16:57:34] [Server thread/WARN]: [BuildBattle] [Debug] §cLanguage file integrity check failed! Message In-Game.Spectator.Menu.Settings.Visibility not found! It will be set to default value of ERR_MSG_In-Game.Spectator.Menu.Settings.Visibility_NOT_FOUND
[16:57:34] [Server thread/WARN]: [BuildBattle] [Debug] §cLanguage file integrity check failed! Message Validator.Invalid-Arena-Configuration not found! It will be set to default value of ERR_MSG_Validator.Invalid-Arena-Configuration_NOT_FOUND
[16:57:34] [Server thread/WARN]: [BuildBattle] [Debug] §cLanguage file integrity check failed! Message In-Game.Spectator.Menu.Settings.Status.Enabled not found! It will be set to default value of ERR_MSG_In-Game.Spectator.Menu.Settings.Status.Enabled_NOT_FOUND
[16:57:34] [Server thread/WARN]: [BuildBattle] [Debug] §cLanguage file integrity check failed! Message In-Game.Spectator.Target-Player-Health not found! It will be set to default value of ERR_MSG_In-Game.Spectator.Target-Player-Health_NOT_FOUND
[16:57:34] [Server thread/WARN]: [BuildBattle] [Debug] §cLanguage file integrity check failed! Message Arena-Selector.Item.Name not found! It will be set to default value of ERR_MSG_Arena-Selector.Item.Name_NOT_FOUND
[16:57:34] [Server thread/WARN]: [BuildBattle] [Debug] §cLanguage file integrity check failed! Message Signs.Created not found! It will be set to default value of ERR_MSG_Signs.Created_NOT_FOUND
[16:57:34] [Server thread/WARN]: [BuildBattle] [Debug] §cLanguage file integrity check failed! Message Leaderboard.Type.Chat.Top.Header not found! It will be set to default value of ERR_MSG_Leaderboard.Type.Chat.Top.Header_NOT_FOUND
[16:57:34] [Server thread/WARN]: [BuildBattle] [Debug] §cLanguage file integrity check failed! Message In-Game.Messages.Lobby.You-Were-Kicked-For-Premium-Slot not found! It will be set to default value of ERR_MSG_In-Game.Messages.Lobby.You-Were-Kicked-For-Premium-Slot_NOT_FOUND
[16:57:34] [Server thread/WARN]: [BuildBattle] [Debug] §cLanguage file integrity check failed! Message In-Game.Messages.Game-End.Placeholders.Players not found! It will be set to default value of ERR_MSG_In-Game.Messages.Game-End.Placeholders.Players_NOT_FOUND
[16:57:34] [Server thread/WARN]: [BuildBattle] [Debug] §cLanguage file integrity check failed! Message Leaderboard.Type.Chat.Header not found! It will be set to default value of ERR_MSG_Leaderboard.Type.Chat.Header_NOT_FOUND
[16:57:34] [Server thread/WARN]: [BuildBattle] [Debug] §cLanguage file integrity check failed! Message In-Game.Messages.Game-End.Placeholders.Lose not found! It will be set to default value of ERR_MSG_In-Game.Messages.Game-End.Placeholders.Lose_NOT_FOUND
[16:57:34] [Server thread/WARN]: [BuildBattle] [Debug] §cLanguage file integrity check failed! Message Commands.Main.Header not found! It will be set to default value of ERR_MSG_Commands.Main.Header_NOT_FOUND
[16:57:34] [Server thread/WARN]: [BuildBattle] [Debug] §cLanguage file integrity check failed! Message In-Game.Join.Already-Playing not found! It will be set to default value of ERR_MSG_In-Game.Join.Already-Playing_NOT_FOUND
[16:57:34] [Server thread/WARN]: [BuildBattle] [Debug] §cLanguage file integrity check failed! Message Placeholders.Game-States.Starting not found! It will be set to default value of ERR_MSG_Placeholders.Game-States.Starting_NOT_FOUND
[16:57:34] [Server thread/WARN]: [BuildBattle] [Debug] §cLanguage file integrity check failed! Message Commands.Invalid-Location-Teleport not found! It will be set to default value of ERR_MSG_Commands.Invalid-Location-Teleport_NOT_FOUND
[16:57:34] [Server thread/WARN]: [BuildBattle] [Debug] §cLanguage file integrity check failed! Message Placeholders.Game-States.Restarting not found! It will be set to default value of ERR_MSG_Placeholders.Game-States.Restarting_NOT_FOUND
[16:57:34] [Server thread/WARN]: [BuildBattle] [Debug] §cLanguage file integrity check failed! Message Commands.Hold-Any-Item not found! It will be set to default value of ERR_MSG_Commands.Hold-Any-Item_NOT_FOUND
[16:57:34] [Server thread/WARN]: [BuildBattle] [Debug] §cLanguage file integrity check failed! Message Placeholders.Game-States.In-Game not found! It will be set to default value of ERR_MSG_Placeholders.Game-States.In-Game_NOT_FOUND
[16:57:34] [Server thread/WARN]: [BuildBattle] [Debug] §cLanguage file integrity check failed! Message Commands.Not-Playing not found! It will be set to default value of ERR_MSG_Commands.Not-Playing_NOT_FOUND
[16:57:34] [Server thread/WARN]: [BuildBattle] [Debug] §cLanguage file integrity check failed! Message Placeholders.Game-States.Ending not found! It will be set to default value of ERR_MSG_Placeholders.Game-States.Ending_NOT_FOUND
[16:57:34] [Server thread/WARN]: [BuildBattle] [Debug] §cLanguage file integrity check failed! Message In-Game.Game-Chat-Format not found! It will be set to default value of ERR_MSG_In-Game.Game-Chat-Format_NOT_FOUND
[16:57:34] [Server thread/WARN]: [BuildBattle] [Debug] §cLanguage file integrity check failed! Message Leaderboard.Unknown-Player not found! It will be set to default value of ERR_MSG_Leaderboard.Unknown-Player_NOT_FOUND
[16:57:34] [Server thread/WARN]: [BuildBattle] [Debug] §cLanguage file integrity check failed! Message Leaderboard.Statistics.Games-Played not found! It will be set to default value of ERR_MSG_Leaderboard.Statistics.Games-Played_NOT_FOUND
[16:57:34] [Server thread/WARN]: [BuildBattle] [Debug] §cLanguage file integrity check failed! Message In-Game.Death.Screen not found! It will be set to default value of ERR_MSG_In-Game.Death.Screen_NOT_FOUND
[16:57:34] [Server thread/WARN]: [BuildBattle] [Debug] §cLanguage file integrity check failed! Message In-Game.Spectator.Teleport not found! It will be set to default value of ERR_MSG_In-Game.Spectator.Teleport_NOT_FOUND
[16:57:34] [Server thread/WARN]: [BuildBattle] [Debug] §cLanguage file integrity check failed! Message In-Game.Messages.Leave not found! It will be set to default value of ERR_MSG_In-Game.Messages.Leave_NOT_FOUND
[16:57:34] [Server thread/WARN]: [BuildBattle] [Debug] §cLanguage file integrity check failed! Message Commands.Main.Footer not found! It will be set to default value of ERR_MSG_Commands.Main.Footer_NOT_FOUND
[16:57:34] [Server thread/WARN]: [BuildBattle] [Debug] §cLanguage file integrity check failed! Message Signs.Removed not found! It will be set to default value of ERR_MSG_Signs.Removed_NOT_FOUND
[16:57:34] [Server thread/WARN]: [BuildBattle] [Debug] §cLanguage file integrity check failed! Message In-Game.You-Leveled-Up not found! It will be set to default value of ERR_MSG_In-Game.You-Leveled-Up_NOT_FOUND
[16:57:34] [Server thread/WARN]: [BuildBattle] [Debug] §cLanguage file integrity check failed! Message In-Game.Spectator.Menu.Settings.First-Person-Mode.Title not found! It will be set to default value of ERR_MSG_In-Game.Spectator.Menu.Settings.First-Person-Mode.Title_NOT_FOUND
[16:57:34] [Server thread/WARN]: [BuildBattle] [Debug] §cLanguage file integrity check failed! Message Do-Not-Edit.File-Version not found! It will be set to default value of ERR_MSG_Do-Not-Edit.File-Version_NOT_FOUND
[16:57:34] [Server thread/WARN]: [BuildBattle] [Debug] §cLanguage file integrity check failed! Message In-Game.Join.As-Party-Member not found! It will be set to default value of ERR_MSG_In-Game.Join.As-Party-Member_NOT_FOUND
[16:57:34] [Server thread/WARN]: [BuildBattle] [Debug] §cLanguage file integrity check failed! Message Placeholders.Game-States.Waiting not found! It will be set to default value of ERR_MSG_Placeholders.Game-States.Waiting_NOT_FOUND
[16:57:34] [Server thread/WARN]: [BuildBattle] [Debug] §cLanguage file integrity check failed! Message In-Game.Messages.Admin.Set-Starting-In-To-0 not found! It will be set to default value of ERR_MSG_In-Game.Messages.Admin.Set-Starting-In-To-0_NOT_FOUND
[16:57:34] [Server thread/WARN]: [BuildBattle] [Debug] §cLanguage file integrity check failed! Message Commands.Did-You-Mean not found! It will be set to default value of ERR_MSG_Commands.Did-You-Mean_NOT_FOUND
[16:57:34] [Server thread/WARN]: [BuildBattle] [Debug] §cLanguage file integrity check failed! Message Leaderboard.Statistics.Level not found! It will be set to default value of ERR_MSG_Leaderboard.Statistics.Level_NOT_FOUND
[16:57:34] [Server thread/WARN]: [BuildBattle] [Debug] §cLanguage file integrity check failed! Message Commands.Admin.List.No-Arenas not found! It will be set to default value of ERR_MSG_Commands.Admin.List.No-Arenas_NOT_FOUND
[16:57:34] [Server thread/WARN]: [BuildBattle] [Debug] §cLanguage file integrity check failed! Message In-Game.Spectator.Menu.Settings.Status.Disabled not found! It will be set to default value of ERR_MSG_In-Game.Spectator.Menu.Settings.Status.Disabled_NOT_FOUND
[16:57:34] [Server thread/WARN]: [BuildBattle] [Debug] §cLanguage file integrity check failed! Message In-Game.Join.No-Slots-For-Premium not found! It will be set to default value of ERR_MSG_In-Game.Join.No-Slots-For-Premium_NOT_FOUND
[16:57:34] [Server thread/WARN]: [BuildBattle] [Debug] §cLanguage file integrity check failed! Message In-Game.Messages.Lobby.Enough-Players-To-Start not found! It will be set to default value of ERR_MSG_In-Game.Messages.Lobby.Enough-Players-To-Start_NOT_FOUND
[16:57:34] [Server thread/WARN]: [BuildBattle] [Debug] §cLanguage file integrity check failed! Message In-Game.Spectator.Menu.Settings.Changed-Speed not found! It will be set to default value of ERR_MSG_In-Game.Spectator.Menu.Settings.Changed-Speed_NOT_FOUND
[16:57:34] [Server thread/WARN]: [BuildBattle] [Debug] §cLanguage file integrity check failed! Message Color.Placeholder.Number not found! It will be set to default value of ERR_MSG_Color.Placeholder.Number_NOT_FOUND
[16:57:34] [Server thread/WARN]: [BuildBattle] [Debug] §cLanguage file integrity check failed! Message In-Game.Join.Arena-Not-Configured not found! It will be set to default value of ERR_MSG_In-Game.Join.Arena-Not-Configured_NOT_FOUND
[16:57:34] [Server thread/WARN]: [BuildBattle] [Debug] §cLanguage file integrity check failed! Message Arena-Selector.Item.Lore not found! It will be set to default value of ERR_MSG_Arena-Selector.Item.Lore_NOT_FOUND
[16:57:34] [Server thread/WARN]: [BuildBattle] [Debug] §cLanguage file integrity check failed! Message In-Game.Messages.Lobby.Game-Started not found! It will be set to default value of ERR_MSG_In-Game.Messages.Lobby.Game-Started_NOT_FOUND
[16:57:34] [Server thread/WARN]: [BuildBattle] [Debug] §cLanguage file integrity check failed! Message Leaderboard.Type.Chat.Top.Type-Name not found! It will be set to default value of ERR_MSG_Leaderboard.Type.Chat.Top.Type-Name_NOT_FOUND
[16:57:34] [Server thread/WARN]: [BuildBattle] [Debug] §cLanguage file integrity check failed! Message In-Game.Join.No-Permission not found! It will be set to default value of ERR_MSG_In-Game.Join.No-Permission_NOT_FOUND
[16:57:34] [Server thread/WARN]: [BuildBattle] [Debug] §cLanguage file integrity check failed! Message In-Game.Messages.Death not found! It will be set to default value of ERR_MSG_In-Game.Messages.Death_NOT_FOUND
[16:57:34] [Server thread/WARN]: [BuildBattle] [Debug] §cLanguage file integrity check failed! Message Color.Placeholder.Value not found! It will be set to default value of ERR_MSG_Color.Placeholder.Value_NOT_FOUND
[16:57:34] [Server thread/WARN]: [BuildBattle] [Debug] §cLanguage file integrity check failed! Message Color.Chat.Messages not found! It will be set to default value of ERR_MSG_Color.Chat.Messages_NOT_FOUND
[16:57:34] [Server thread/WARN]: [BuildBattle] [Debug] §cLanguage file integrity check failed! Message Leaderboard.Statistics.Exp not found! It will be set to default value of ERR_MSG_Leaderboard.Statistics.Exp_NOT_FOUND
[16:57:34] [Server thread/WARN]: [BuildBattle] [Debug] §cLanguage file integrity check failed! Message In-Game.Messages.Lobby.Max-Players not found! It will be set to default value of ERR_MSG_In-Game.Messages.Lobby.Max-Players_NOT_FOUND
[16:57:34] [Server thread/WARN]: [BuildBattle] [Debug] §cLanguage file integrity check failed! Message Signs.Please-Type-Arena-Name not found! It will be set to default value of ERR_MSG_Signs.Please-Type-Arena-Name_NOT_FOUND
[16:57:34] [Server thread/WARN]: [BuildBattle] [Debug] §cLanguage file integrity check failed! Message In-Game.Spectator.Spectator-Menu-Name not found! It will be set to default value of ERR_MSG_In-Game.Spectator.Spectator-Menu-Name_NOT_FOUND
[16:57:34] [Server thread/WARN]: [BuildBattle] [Debug] §cLanguage file integrity check failed! Message In-Game.Spectator.Menu.Settings.Night-Vision not found! It will be set to default value of ERR_MSG_In-Game.Spectator.Menu.Settings.Night-Vision_NOT_FOUND
[16:57:34] [Server thread/WARN]: [BuildBattle] [Debug] §cLanguage file integrity check failed! Message Leaderboard.Type.Chat.Top.Format not found! It will be set to default value of ERR_MSG_Leaderboard.Type.Chat.Top.Format_NOT_FOUND
[16:57:34] [Server thread/WARN]: [BuildBattle] [Debug] §cLanguage file integrity check failed! Message Bossbar.Title not found! It will be set to default value of ERR_MSG_Bossbar.Title_NOT_FOUND
[16:57:34] [Server thread/WARN]: [BuildBattle] [Debug] §cLanguage file integrity check failed! Message Commands.Command-Executed not found! It will be set to default value of ERR_MSG_Commands.Command-Executed_NOT_FOUND
[16:57:34] [Server thread/WARN]: [BuildBattle] [Debug] §cLanguage file integrity check failed! Message Scoreboard.Title not found! It will be set to default value of ERR_MSG_Scoreboard.Title_NOT_FOUND
[16:57:34] [Server thread/WARN]: [BuildBattle] [Debug] §cLanguage file integrity check failed! Message Validator.Instance-Started not found! It will be set to default value of ERR_MSG_Validator.Instance-Started_NOT_FOUND
[16:57:34] [Server thread/WARN]: [BuildBattle] [Debug] §cLanguage file integrity check failed! Message Color.Chat.Issue not found! It will be set to default value of ERR_MSG_Color.Chat.Issue_NOT_FOUND
[16:57:34] [Server thread/WARN]: [BuildBattle] [Debug] §cLanguage file integrity check failed! Message Commands.Admin.List.Format not found! It will be set to default value of ERR_MSG_Commands.Admin.List.Format_NOT_FOUND
[16:57:34] [Server thread/WARN]: [BuildBattle] [Debug] §cLanguage file integrity check failed! Message In-Game.Spectator.Menu.Settings.Target-Player.Action-Bar not found! It will be set to default value of ERR_MSG_In-Game.Spectator.Menu.Settings.Target-Player.Action-Bar_NOT_FOUND
[16:57:34] [Server thread/WARN]: [BuildBattle] [Debug] §cLanguage file integrity check failed! Message Commands.Admin.Reload-Success not found! It will be set to default value of ERR_MSG_Commands.Admin.Reload-Success_NOT_FOUND
[16:57:34] [Server thread/WARN]: [BuildBattle] [Debug] §cLanguage file integrity check failed! Message Leaderboard.Type.Chat.Format not found! It will be set to default value of ERR_MSG_Leaderboard.Type.Chat.Format_NOT_FOUND
[16:57:34] [Server thread/WARN]: [BuildBattle] [Debug] §cLanguage file integrity check failed! Message In-Game.Commands-Blocked not found! It will be set to default value of ERR_MSG_In-Game.Commands-Blocked_NOT_FOUND
[16:57:34] [Server thread/WARN]: [BuildBattle] [Debug] §cLanguage file integrity check failed! Message Commands.Wrong-Usage not found! It will be set to default value of ERR_MSG_Commands.Wrong-Usage_NOT_FOUND
[16:57:34] [Server thread/WARN]: [BuildBattle] [Debug] §cLanguage file integrity check failed! Message In-Game.Messages.Lobby.Not-Enough-Space-For-Party not found! It will be set to default value of ERR_MSG_In-Game.Messages.Lobby.Not-Enough-Space-For-Party_NOT_FOUND
[16:57:34] [Server thread/WARN]: [BuildBattle] [Debug] §cLanguage file integrity check failed! Message Commands.Admin.Adjust-Statistic not found! It will be set to default value of ERR_MSG_Commands.Admin.Adjust-Statistic_NOT_FOUND
[16:57:34] [ForkJoinPool.commonPool-worker-1/INFO]:   _   _               _           _          
[16:57:34] [ForkJoinPool.commonPool-worker-1/INFO]:  | | | |  _ __     __| |   __ _  | |_    ___ 
[16:57:34] [ForkJoinPool.commonPool-worker-1/INFO]:  | | | | | '_ \   / _` |  / _` | | __|  / _ \
[16:57:34] [ForkJoinPool.commonPool-worker-1/INFO]:  | |_| | | |_) | | (_| | | (_| | | |_  |  __/
[16:57:34] [ForkJoinPool.commonPool-worker-1/INFO]:   \___/  | .__/   \__,_|  \__,_|  \__|  \___|
[16:57:34] [ForkJoinPool.commonPool-worker-1/INFO]:          |_|                                 
[16:57:34] [ForkJoinPool.commonPool-worker-1/INFO]: [BuildBattle] Your BuildBattle plugin is outdated! Download it to keep with latest changes and fixes.
[16:57:34] [ForkJoinPool.commonPool-worker-1/INFO]: [BuildBattle] Disable this option in config.yml if you wish.
[16:57:34] [ForkJoinPool.commonPool-worker-1/INFO]: [BuildBattle] Current version: 5.0.5 Latest version: 5.0.6
[16:57:35] [Server thread/INFO]: [BuildBattle] -_-_-_--_-_-_--_-_-_--_-_-_--_-_-_--_-_-_--_-_-_--_-_-_--_-_-_--_-_-_--_-_-_--_-_-_--_-_-_--_-_-_--_-_-_--_-_-_-
[16:57:35] [Server thread/INFO]: [BuildBattle] 
[16:57:35] [Server thread/INFO]: [BuildBattle] Versions: 
[16:57:35] [Server thread/INFO]: [BuildBattle] Plugin: 5.0.5 | Server: git-Paper-493 (MC: 1.20.4) | Detected: v1_20_R3 | Software: Paper | Java: 21.0.2
[16:57:35] [Server thread/INFO]: [BuildBattle] 
[16:57:35] [Server thread/INFO]: [BuildBattle] This plugin was created by Plugily Projects as part of an open source project ( https://donate.plugily.xyz )
[16:57:35] [Server thread/INFO]: [BuildBattle] 
[16:57:35] [Server thread/INFO]: [BuildBattle][SUPPORT] If you have any problems, you can always contact us on our Discord server! ( https://discord.plugily.xyz )
[16:57:35] [Server thread/INFO]: [BuildBattle][SUPPORT] You can also check out our wiki at https://wiki.plugily.xyz
[16:57:35] [Server thread/INFO]: [BuildBattle] 
[16:57:35] [Server thread/INFO]: [BuildBattle]                               The plugin got fully enabled! Enjoy the plugin ;)
[16:57:35] [Server thread/INFO]: [BuildBattle] -_-_-_--_-_-_--_-_-_--_-_-_--_-_-_--_-_-_--_-_-_--_-_-_--_-_-_--_-_-_--_-_-_--_-_-_--_-_-_--_-_-_--_-_-_--_-_-_-
[16:57:35] [Server thread/WARN]: [BuildBattle] [Debug] §cGame message not found in your locale!
[16:57:35] [Server thread/WARN]: [BuildBattle] [Debug] §cPlease regenerate your language.yml file! If error still occurs report it to the developer on discord!
[16:57:35] [Server thread/WARN]: [BuildBattle] [Debug] §cPath: Bossbar.Content.Waiting
[16:57:35] [Server thread/ERROR]: Error occurred while enabling BuildBattle v5.0.5 (Is it up to date?)
java.lang.UnsupportedOperationException: null
	at java.util.AbstractList.add(AbstractList.java:155) ~[?:?]
	at java.util.AbstractList.add(AbstractList.java:113) ~[?:?]
	at plugily.projects.buildbattle.minigamesbox.classic.arena.managers.BossbarManager.<init>(BossbarManager.java:66) ~[buildbattle-5.0.5.jar:?]
	at plugily.projects.buildbattle.minigamesbox.classic.arena.PluginArena.<init>(PluginArena.java:160) ~[buildbattle-5.0.5.jar:?]
	at plugily.projects.buildbattle.arena.BaseArena.<init>(BaseArena.java:67) ~[buildbattle-5.0.5.jar:?]
	at plugily.projects.buildbattle.arena.BuildArena.<init>(BuildArena.java:45) ~[buildbattle-5.0.5.jar:?]
	at plugily.projects.buildbattle.arena.ArenaRegistry.getNewArena(ArenaRegistry.java:68) ~[buildbattle-5.0.5.jar:?]
	at plugily.projects.buildbattle.minigamesbox.classic.arena.PluginArenaRegistry.registerArena(PluginArenaRegistry.java:208) ~[buildbattle-5.0.5.jar:?]
	at plugily.projects.buildbattle.minigamesbox.classic.arena.PluginArenaRegistry.registerArenas(PluginArenaRegistry.java:184) ~[buildbattle-5.0.5.jar:?]
	at plugily.projects.buildbattle.Main.initializePluginClasses(Main.java:97) ~[buildbattle-5.0.5.jar:?]
	at plugily.projects.buildbattle.Main.onEnable(Main.java:84) ~[buildbattle-5.0.5.jar:?]
	at org.bukkit.plugin.java.JavaPlugin.setEnabled(JavaPlugin.java:287) ~[paper-api-1.20.4-R0.1-SNAPSHOT.jar:?]
	at io.papermc.paper.plugin.manager.PaperPluginInstanceManager.enablePlugin(PaperPluginInstanceManager.java:188) ~[paper-1.20.4.jar:git-Paper-493]
	at io.papermc.paper.plugin.manager.PaperPluginManagerImpl.enablePlugin(PaperPluginManagerImpl.java:104) ~[paper-1.20.4.jar:git-Paper-493]
	at org.bukkit.plugin.SimplePluginManager.enablePlugin(SimplePluginManager.java:507) ~[paper-api-1.20.4-R0.1-SNAPSHOT.jar:?]
	at org.bukkit.craftbukkit.v1_20_R3.CraftServer.enablePlugin(CraftServer.java:639) ~[paper-1.20.4.jar:git-Paper-493]
	at org.bukkit.craftbukkit.v1_20_R3.CraftServer.enablePlugins(CraftServer.java:550) ~[paper-1.20.4.jar:git-Paper-493]
	at net.minecraft.server.MinecraftServer.loadWorld0(MinecraftServer.java:671) ~[paper-1.20.4.jar:git-Paper-493]
	at net.minecraft.server.MinecraftServer.loadLevel(MinecraftServer.java:431) ~[paper-1.20.4.jar:git-Paper-493]
	at net.minecraft.server.dedicated.DedicatedServer.initServer(DedicatedServer.java:309) ~[paper-1.20.4.jar:git-Paper-493]
	at net.minecraft.server.MinecraftServer.runServer(MinecraftServer.java:1131) ~[paper-1.20.4.jar:git-Paper-493]
	at net.minecraft.server.MinecraftServer.lambda$spin$0(MinecraftServer.java:319) ~[paper-1.20.4.jar:git-Paper-493]
	at java.lang.Thread.run(Thread.java:1583) ~[?:?]
[16:57:35] [Server thread/INFO]: [BuildBattle] Disabling BuildBattle v5.0.5
[16:57:35] [Server thread/INFO]: [BedWars] Enabling BedWars v0.2.31
[16:57:35] [Server thread/INFO]: [BedWars] Successfully loaded messages for BedWars! Language: English
[16:57:35] [Server thread/INFO]: [BedWars] Loading statistics from YAML-File ...
[16:57:35] [Server thread/INFO]: =====================  by ScreamingSandals <Misat11, Iamceph, Pronze>
[16:57:35] [Server thread/INFO]: + Screaming BedWars +  Version: 0.2.31 FREE
[16:57:35] [Server thread/INFO]: =====================  STABLE VERSION
[16:57:35] [Server thread/INFO]: [BW] Arena bedwars loaded!
[16:57:35] [Server thread/INFO]: Everything is loaded! If you like our work, consider visiting our Patreon! <3
[16:57:35] [Server thread/INFO]: https://www.patreon.com/screamingsandals
[16:57:35] [Server thread/INFO]: [Multiverse-SignPortals] Enabling Multiverse-SignPortals v4.2.2
[16:57:35] [Server thread/INFO]: [Multiverse-SignPortals 4.2.2]  Enabled - By Rigby and fernferret
[16:57:35] [Server thread/INFO]: [Multiverse-NetherPortals] Enabling Multiverse-NetherPortals v4.2.3
[16:57:35] [Server thread/INFO]: [Multiverse-NetherPortals 4.2.3]  Enabled - By Rigby and fernferret
[16:57:35] [Server thread/INFO]: [Multiverse-Inventories] Enabling Multiverse-Inventories v4.2.6
[16:57:35] [Server thread/INFO]: [Multiverse-Inventories 4.2.6] enabled.
[16:57:35] [Server thread/INFO]: [CodFrame] Enabling CodFrame v1.0.2
[16:57:35] [Server thread/INFO]: [dynmap] Enabling dynmap v3.7-beta-4-935
[16:57:35] [Server thread/INFO]: [dynmap] Added 20 custom biome mappings
[16:57:35] [Server thread/INFO]: [dynmap] Using LuckPerms 5.4.119 for access control
[16:57:36] [Server thread/INFO]: [dynmap] Mod Support processing completed
[16:57:38] [Server thread/INFO]: [dynmap] Loaded 27 shaders.
[16:57:38] [Server thread/INFO]: [dynmap] Loaded 83 perspectives.
[16:57:38] [Server thread/INFO]: [dynmap] Loaded 22 lightings.
[16:57:38] [Server thread/INFO]: [dynmap] Starting enter/exit processing
[16:57:38] [Dynmap Render Thread/INFO]: [dynmap] Finish marker initialization
[16:57:38] [Server thread/INFO]: [dynmap] Web server started on address 0.0.0.0:8123
[16:57:38] [Server thread/INFO]: [dynmap] version 3.7-beta-4-935 is enabled - core version 3.7-beta-4-935
[16:57:38] [Server thread/INFO]: [dynmap] For support, visit our Discord at https://discord.gg/s3rd5qn
[16:57:38] [Server thread/INFO]: [dynmap] For news, visit https://reddit.com/r/Dynmap or follow https://universeodon.com/@dynmap
[16:57:38] [Server thread/INFO]: [dynmap] To report or track bugs, visit https://github.com/webbukkit/dynmap/issues
[16:57:38] [Server thread/INFO]: [dynmap] If you'd like to donate, please visit https://www.patreon.com/dynmap or https://ko-fi.com/michaelprimm
[16:57:38] [Server thread/INFO]: [dynmap] Loaded 3 maps of world 'void'.
[16:57:38] [Server thread/INFO]: [dynmap] Loaded 2 maps of world 'void_nether'.
[16:57:38] [Server thread/INFO]: [dynmap] Loaded 2 maps of world 'void_the_end'.
[16:57:38] [Server thread/INFO]: [dynmap] Loaded 3 maps of world 'world'.
[16:57:38] [Server thread/INFO]: [dynmap] Loaded 2 maps of world 'world_the_end'.
[16:57:38] [Server thread/INFO]: [dynmap] Loaded 2 maps of world 'world_nether'.
[16:57:38] [Server thread/INFO]: [dynmap] Loaded 3 maps of world 'BB-Candyland'.
[16:57:38] [Server thread/INFO]: [dynmap] Loaded 3 maps of world 'bedwars'.
[16:57:38] [Server thread/INFO]: [dynmap] Loaded 3 maps of world 'creative'.
[16:57:38] [Server thread/INFO]: [dynmap] Enabled
[16:57:38] [Server thread/INFO]: [WESV] Enabling WorldEditSelectionVisualizer v2.1.5
[16:57:38] [Server thread/INFO]: [WESV] Using WorldEdit 7 api
[16:57:39] [Server thread/INFO]: [Geyser-Spigot] ******************************************
[16:57:39] [Server thread/INFO]: [Geyser-Spigot] 
[16:57:39] [Server thread/INFO]: [Geyser-Spigot] Loading Geyser version 2.3.0-SNAPSHOT (git-master-7801e35)
[16:57:39] [Server thread/INFO]: [Geyser-Spigot] 
[16:57:39] [Server thread/INFO]: [Geyser-Spigot] ******************************************
[16:57:44] [epollEventLoopGroup-3-1/INFO]: [Geyser-Spigot] Started Geyser on 0.0.0.0:19132
[16:57:44] [Server thread/INFO]: [Geyser-Spigot] Done (5.084s)! Run /geyser help for help!
[16:57:44] [Server thread/INFO]: Running delayed init tasks
[16:57:44] [Craft Scheduler Thread - 2 - ViaVersion/INFO]: [ViaVersion] Finished mapping loading, shutting down loader executor!
[16:57:44] [Server thread/INFO]: [Multiverse-Inventories] First run!
[16:57:44] [Server thread/INFO]: Done (23.876s)! For help, type "help"
[16:57:44] [Server thread/INFO]: Timings Reset
[16:57:44] [Craft Scheduler Thread - 1 - WorldEditSelectionVisualizer/WARN]: [WESV] A new version is available ! Last version is 2.1.6 and you are on 2.1.5
[16:57:44] [Craft Scheduler Thread - 1 - WorldEditSelectionVisualizer/WARN]: [WESV] You can download it on: https://www.spigotmc.org/resources/worldeditselectionvisualizer.17311/
[16:57:44] [Craft Scheduler Thread - 2 - BedWars/INFO]: [BW] New RELEASE version 0.2.32.1 of BedWars is available!
[16:57:44] [Craft Scheduler Thread - 2 - BedWars/INFO]: [BW] Download it from https://www.spigotmc.org/resources/63714/download?version=540860
[16:57:44] [Server thread/WARN]: [org.bukkit.craftbukkit.v1_20_R3.legacy.CraftLegacy] Initializing Legacy Material Support. Unless you have legacy plugins and/or data this is a bug!
[16:57:47] [Server thread/WARN]: Can't keep up! Is the server overloaded? Running 3306ms or 66 ticks behind
[16:57:54] [Server thread/INFO]: Villager EntityVillager['Villager'/1039, uuid='cdb6536c-aa71-4e3e-9898-40a9a9804ab5', l='ServerLevel[creative]', x=-68.47, y=-63.00, z=60.15, cpos=[-5, 3], tl=430371696, v=true] died, message: 'Villager was squished too much'
[16:57:56] [Server thread/INFO]: Villager EntityVillager['Villager'/1019, uuid='7a66f290-214b-4bbc-a5e1-8ced414ae73a', l='ServerLevel[creative]', x=-68.11, y=-62.95, z=60.39, cpos=[-5, 3], tl=427294025, v=true] died, message: 'Villager was squished too much'
[17:03:36] [epollEventLoopGroup-4-1/INFO]: [Geyser-Spigot] Player connected with username MinecraftKarton
[17:03:36] [localSession-7-2/INFO]: [Geyser-Spigot] MinecraftKarton (logged in as: MinecraftKarton) has connected to the Java server
[17:03:37] [Server thread/INFO]: [floodgate] Floodgate player logged in as .MinecraftKarton joined (UUID: 00000000-0000-0000-0009-00000ca8daab)
[17:03:37] [Server thread/INFO]: .MinecraftKarton joined the game
[17:03:37] [Server thread/INFO]: .MinecraftKarton[/5.100.129.238:0] logged in with entity id 2046 at ([world]-2668.6135, 63.0, 2420.5312)
[17:03:47] [Server thread/WARN]: Can't keep up! Is the server overloaded? Running 2508ms or 50 ticks behind
[17:03:55] [localSession-7-2/INFO]: [Geyser-Spigot] MinecraftKarton has disconnected from the Java server because of Bedrock client disconnected
[17:03:55] [Geyser Spigot connection thread-6-3/INFO]: [floodgate] Floodgate player logged in as .MinecraftKarton disconnected
[17:03:55] [Server thread/INFO]: .MinecraftKarton lost connection: Disconnected
[17:03:55] [Server thread/INFO]: .MinecraftKarton left the game
[17:04:13] [Dynmap Render Thread/INFO]: [dynmap] Loading default resource pack
[17:05:52] [epollEventLoopGroup-4-2/INFO]: [Geyser-Spigot] Player connected with username MinecraftKarton
[17:05:52] [localSession-7-3/INFO]: [Geyser-Spigot] MinecraftKarton (logged in as: MinecraftKarton) has connected to the Java server
[17:05:52] [Server thread/INFO]: [floodgate] Floodgate player logged in as .MinecraftKarton joined (UUID: 00000000-0000-0000-0009-00000ca8daab)
[17:05:52] [Server thread/INFO]: .MinecraftKarton joined the game
[17:05:52] [Server thread/INFO]: .MinecraftKarton[/5.100.129.238:0] logged in with entity id 2504 at ([world]-2668.6135, 63.0, 2420.5312)
[17:07:26] [localSession-7-3/INFO]: [Geyser-Spigot] MinecraftKarton has disconnected from the Java server because of Bedrock client timed out
[17:07:26] [Geyser Spigot connection thread-6-4/INFO]: [floodgate] Floodgate player logged in as .MinecraftKarton disconnected
[17:07:26] [Server thread/INFO]: .MinecraftKarton lost connection: Disconnected
[17:07:26] [Server thread/INFO]: .MinecraftKarton left the game
[17:10:21] [epollEventLoopGroup-4-3/INFO]: [Geyser-Spigot] Player connected with username MinecraftKarton
[17:10:21] [localSession-7-4/INFO]: [Geyser-Spigot] MinecraftKarton (logged in as: MinecraftKarton) has connected to the Java server
[17:10:21] [Server thread/INFO]: [floodgate] Floodgate player logged in as .MinecraftKarton joined (UUID: 00000000-0000-0000-0009-00000ca8daab)
[17:10:21] [Server thread/INFO]: .MinecraftKarton joined the game
[17:10:21] [Server thread/INFO]: .MinecraftKarton[/5.100.129.238:0] logged in with entity id 3019 at ([world]-2669.6501, 63.0, 2421.4229)
[18:02:47] [Geyser Spigot connection thread-6-1/INFO]: [floodgate] Floodgate player logged in as .MinecraftKarton disconnected
[18:02:47] [localSession-7-4/INFO]: [Geyser-Spigot] MinecraftKarton has disconnected from the Java server because of Bedrock client timed out
[18:02:47] [Server thread/INFO]: .MinecraftKarton lost connection: Disconnected
[18:02:47] [Server thread/INFO]: .MinecraftKarton left the game
[18:03:27] [epollEventLoopGroup-4-4/INFO]: [Geyser-Spigot] Player connected with username MinecraftKarton
[18:03:27] [localSession-7-1/INFO]: [Geyser-Spigot] MinecraftKarton (logged in as: MinecraftKarton) has connected to the Java server
[18:03:28] [Server thread/INFO]: [floodgate] Floodgate player logged in as .MinecraftKarton joined (UUID: 00000000-0000-0000-0009-00000ca8daab)
[18:03:28] [Server thread/INFO]: .MinecraftKarton joined the game
[18:03:28] [Server thread/INFO]: .MinecraftKarton[/5.100.129.238:0] logged in with entity id 9857 at ([world]-2660.4104, 56.9375, 2417.3735)
[18:05:26] [localSession-7-1/INFO]: [Geyser-Spigot] MinecraftKarton has disconnected from the Java server because of java.lang.NoClassDefFoundError: org/geysermc/mcprotocollib/network/event/session/PacketErrorEvent
[18:05:26] [Geyser Spigot connection thread-6-2/INFO]: [floodgate] Floodgate player logged in as .MinecraftKarton disconnected
[18:05:26] [localSession-7-1/WARN]: [Geyser-Spigot] org/geysermc/mcprotocollib/network/event/session/PacketErrorEvent
[18:05:26] [Server thread/INFO]: .MinecraftKarton lost connection: Disconnected
[18:05:26] [Server thread/INFO]: .MinecraftKarton left the game
[18:05:45] [epollEventLoopGroup-4-1/INFO]: [Geyser-Spigot] Player connected with username MinecraftKarton
[18:05:45] [localSession-7-2/INFO]: [Geyser-Spigot] MinecraftKarton (logged in as: MinecraftKarton) has connected to the Java server
[18:05:45] [Server thread/INFO]: [floodgate] Floodgate player logged in as .MinecraftKarton joined (UUID: 00000000-0000-0000-0009-00000ca8daab)
[18:05:45] [Server thread/INFO]: .MinecraftKarton joined the game
[18:05:45] [Server thread/INFO]: .MinecraftKarton[/5.100.129.238:0] logged in with entity id 10395 at ([world]-2661.2727, 57.0, 2418.2925)
